#-----------------------------------------------------------
# Vivado v2021.2 (64-bit)
# SW Build 3367213 on Tue Oct 19 02:48:09 MDT 2021
# IP Build 3369179 on Thu Oct 21 08:25:16 MDT 2021
# Start of session at: Thu Mar 31 16:54:50 2022
# Process ID: 6572
# Current directory: C:/Xilinx/Vivado/Projects/FinalProject
# Command line: vivado.exe -gui_launcher_event rodinguilauncherevent10908 C:\Xilinx\Vivado\Projects\FinalProject\FinalProject.xpr
# Log file: C:/Xilinx/Vivado/Projects/FinalProject/vivado.log
# Journal file: C:/Xilinx/Vivado/Projects/FinalProject\vivado.jou
# Running On: DESKTOP-NKGLEPF, OS: Windows, CPU Frequency: 2803 MHz, CPU Physical cores: 4, Host memory: 12674 MB
#-----------------------------------------------------------
start_gui
open_project C:/Xilinx/Vivado/Projects/FinalProject/FinalProject.xpr
update_compile_order -fileset sources_1
launch_simulation
source robotFSM_tb.tcl
relaunch_sim
close_sim
launch_simulation
launch_simulation
source robotFSM_tb.tcl
relaunch_sim
relaunch_sim
relaunch_sim
relaunch_sim
relaunch_sim
relaunch_sim
current_wave_config {Untitled 2}
add_wave {{/robotFSM_tb/uut}} 
relaunch_sim
relaunch_sim
relaunch_sim
relaunch_sim
relaunch_sim
relaunch_sim
relaunch_sim
relaunch_sim
relaunch_sim
relaunch_sim
relaunch_sim
relaunch_sim
relaunch_sim
relaunch_sim
relaunch_sim
close_sim
